------------------------------------------------------------
Timing Analyzer Summary
------------------------------------------------------------

Type  : Slow 1100mV 85C Model Setup 'clk'
Slack : -0.293
TNS   : -0.293

Type  : Slow 1100mV 85C Model Hold 'clk'
Slack : 0.547
TNS   : 0.000

Type  : Slow 1100mV 85C Model Minimum Pulse Width 'clk'
Slack : -3.166
TNS   : -94.750

Type  : Slow 1100mV 0C Model Setup 'clk'
Slack : -0.373
TNS   : -0.373

Type  : Slow 1100mV 0C Model Hold 'clk'
Slack : 0.593
TNS   : 0.000

Type  : Slow 1100mV 0C Model Minimum Pulse Width 'clk'
Slack : -3.166
TNS   : -94.702

Type  : Fast 1100mV 85C Model Setup 'clk'
Slack : 0.491
TNS   : 0.000

Type  : Fast 1100mV 85C Model Hold 'clk'
Slack : 0.182
TNS   : 0.000

Type  : Fast 1100mV 85C Model Minimum Pulse Width 'clk'
Slack : -2.174
TNS   : -61.742

Type  : Fast 1100mV 0C Model Setup 'clk'
Slack : 0.510
TNS   : 0.000

Type  : Fast 1100mV 0C Model Hold 'clk'
Slack : 0.171
TNS   : 0.000

Type  : Fast 1100mV 0C Model Minimum Pulse Width 'clk'
Slack : -2.174
TNS   : -61.722

------------------------------------------------------------
